\BOOKMARK [0][-]{chapter*.3}{\376\377\000P\000r\000e\000f\000a\000c\000e}{}% 1
\BOOKMARK [-1][-]{part.1}{\376\377\000I\000\040\000T\000h\000e\000\040\000P\000l\000e\000n\000u\000m\000\040\000a\000n\000d\000\040\000I\000t\000s\000\040\000D\000i\000s\000t\000i\000n\000c\000t\000i\000o\000n\000s}{}% 2
\BOOKMARK [0][-]{chapter.1}{\376\377\000D\000i\000s\000t\000i\000n\000c\000t\000i\000o\000n\000\040\000B\000e\000f\000o\000r\000e\000\040\000F\000i\000e\000l\000d}{part.1}% 3
\BOOKMARK [1][-]{section.1.1}{\376\377\000W\000h\000a\000t\000\040\000a\000\040\000C\000o\000s\000m\000o\000l\000o\000g\000i\000c\000a\000l\000\040\000T\000h\000e\000o\000r\000y\000\040\000I\000s\000\040\000F\000o\000r}{chapter.1}% 4
\BOOKMARK [1][-]{section.1.2}{\376\377\000D\000i\000s\000t\000i\000n\000c\000t\000i\000o\000n\000s\000,\000\040\000N\000o\000t\000\040\000P\000a\000r\000t\000i\000c\000l\000e\000s}{chapter.1}% 5
\BOOKMARK [2][-]{subsection.1.2.1}{\376\377\000T\000h\000e\000\040\000O\000n\000t\000o\000l\000o\000g\000i\000c\000a\000l\000\040\000C\000o\000m\000m\000i\000t\000m\000e\000n\000t}{section.1.2}% 6
\BOOKMARK [2][-]{subsection.1.2.2}{\376\377\000W\000h\000y\000\040\000T\000h\000i\000s\000\040\000I\000s\000\040\000N\000o\000t\000\040\000M\000e\000r\000e\000l\000y\000\040\000R\000e\000l\000a\000b\000e\000l\000i\000n\000g}{section.1.2}% 7
\BOOKMARK [1][-]{section.1.3}{\376\377\000R\000e\000a\000d\000i\000n\000g\000\040\000T\000h\000i\000s\000\040\000B\000o\000o\000k}{chapter.1}% 8
\BOOKMARK [2][-]{subsection.1.3.1}{\376\377\000R\000e\000l\000a\000t\000i\000o\000n\000\040\000t\000o\000\040\000T\000h\000e\000\040\000S\000m\000o\000o\000t\000h\000n\000e\000s\000s\000\040\000P\000a\000r\000a\000d\000o\000x}{section.1.3}% 9
\BOOKMARK [2][-]{subsection.1.3.2}{\376\377\000R\000e\000l\000a\000t\000i\000o\000n\000\040\000t\000o\000\040\000Q\000u\000a\000d\000r\000a\000t\000i\000c\000\040\000G\000r\000a\000v\000i\000t\000y\000\040\000a\000s\000\040\000a\000\040\000D\000e\000r\000i\000v\000e\000d\000\040\000I\000n\000t\000e\000r\000f\000a\000c\000e\000\040\000T\000h\000e\000o\000r\000y}{section.1.3}% 10
\BOOKMARK [2][-]{subsection.1.3.3}{\376\377\000O\000r\000g\000a\000n\000i\000z\000a\000t\000i\000o\000n\000\040\000o\000f\000\040\000t\000h\000e\000\040\000R\000e\000m\000a\000i\000n\000i\000n\000g\000\040\000P\000a\000r\000t\000s}{section.1.3}% 11
\BOOKMARK [0][-]{chapter.2}{\376\377\000T\000h\000e\000\040\000S\000c\000a\000l\000a\000r\040\023\000V\000e\000c\000t\000o\000r\040\023\000E\000n\000t\000r\000o\000p\000y\000\040\000P\000l\000e\000n\000u\000m}{part.1}% 12
\BOOKMARK [1][-]{section.2.1}{\376\377\000F\000i\000e\000l\000d\000\040\000C\000o\000n\000t\000e\000n\000t}{chapter.2}% 13
\BOOKMARK [2][-]{subsection.2.1.1}{\376\377\000T\000h\000e\000\040\000S\000c\000a\000l\000a\000r\000\040\000F\000i\000e\000l\000d\000\040\000P\000h\000i\000:\000\040\000D\000i\000s\000t\000i\000n\000c\000t\000i\000o\000n\000\040\000D\000e\000n\000s\000i\000t\000y}{section.2.1}% 14
\BOOKMARK [2][-]{subsection.2.1.2}{\376\377\000T\000h\000e\000\040\000V\000e\000c\000t\000o\000r\000\040\000F\000i\000e\000l\000d\000\040\000v\000:\000\040\000A\000d\000m\000i\000s\000s\000i\000b\000l\000e\000\040\000T\000r\000a\000n\000s\000i\000t\000i\000o\000n}{section.2.1}% 15
\BOOKMARK [2][-]{subsection.2.1.3}{\376\377\000T\000h\000e\000\040\000E\000n\000t\000r\000o\000p\000y\000\040\000F\000i\000e\000l\000d\000\040\000S\000:\000\040\000A\000c\000c\000u\000m\000u\000l\000a\000t\000e\000d\000\040\000L\000o\000s\000s}{section.2.1}% 16
\BOOKMARK [1][-]{section.2.2}{\376\377\000W\000h\000y\000\040\000T\000h\000r\000e\000e\000\040\000F\000i\000e\000l\000d\000s\000\040\000a\000n\000d\000\040\000N\000o\000t\000\040\000O\000n\000e}{chapter.2}% 17
\BOOKMARK [1][-]{section.2.3}{\376\377\000T\000h\000e\000\040\000P\000l\000e\000n\000u\000m\000\040\000a\000s\000\040\000C\000o\000n\000t\000i\000n\000u\000o\000u\000s\000\040\000S\000u\000b\000s\000t\000r\000a\000t\000e}{chapter.2}% 18
\BOOKMARK [2][-]{subsection.2.3.1}{\376\377\000A\000g\000a\000i\000n\000s\000t\000\040\000t\000h\000e\000\040\000P\000a\000r\000t\000i\000c\000l\000e\000s\000-\000i\000n\000-\000S\000p\000a\000c\000e\000t\000i\000m\000e\000\040\000P\000i\000c\000t\000u\000r\000e}{section.2.3}% 19
\BOOKMARK [2][-]{subsection.2.3.2}{\376\377\000W\000h\000a\000t\000\040\000S\000u\000r\000v\000i\000v\000e\000s\000\040\000f\000r\000o\000m\000\040\000G\000e\000n\000e\000r\000a\000l\000\040\000R\000e\000l\000a\000t\000i\000v\000i\000t\000y}{section.2.3}% 20
\BOOKMARK [0][-]{chapter.3}{\376\377\000V\000a\000r\000i\000a\000t\000i\000o\000n\000a\000l\000\040\000F\000o\000r\000m\000u\000l\000a\000t\000i\000o\000n}{part.1}% 21
\BOOKMARK [1][-]{section.3.1}{\376\377\000T\000h\000e\000\040\000R\000S\000V\000P\000\040\000A\000c\000t\000i\000o\000n}{chapter.3}% 22
\BOOKMARK [2][-]{subsection.3.1.1}{\376\377\000K\000i\000n\000e\000t\000i\000c\000\040\000a\000n\000d\000\040\000C\000o\000u\000p\000l\000i\000n\000g\000\040\000T\000e\000r\000m\000s}{section.3.1}% 23
\BOOKMARK [2][-]{subsection.3.1.2}{\376\377\000T\000h\000e\000\040\000R\000o\000l\000e\000\040\000o\000f\000\040\000t\000h\000e\000\040\000E\000n\000t\000r\000o\000p\000y\000\040\000F\000i\000e\000l\000d\000\040\000i\000n\000\040\000t\000h\000e\000\040\000A\000c\000t\000i\000o\000n}{section.3.1}% 24
\BOOKMARK [1][-]{section.3.2}{\376\377\000F\000i\000e\000l\000d\000\040\000E\000q\000u\000a\000t\000i\000o\000n\000s}{chapter.3}% 25
\BOOKMARK [2][-]{subsection.3.2.1}{\376\377\000D\000e\000r\000i\000v\000a\000t\000i\000o\000n\000\040\000v\000i\000a\000\040\000t\000h\000e\000\040\000E\000u\000l\000e\000r\040\023\000L\000a\000g\000r\000a\000n\000g\000e\000\040\000E\000q\000u\000a\000t\000i\000o\000n\000s}{section.3.2}% 26
\BOOKMARK [2][-]{subsection.3.2.2}{\376\377\000C\000o\000n\000s\000e\000r\000v\000e\000d\000\040\000Q\000u\000a\000n\000t\000i\000t\000i\000e\000s\000\040\000a\000n\000d\000\040\000N\000o\000e\000t\000h\000e\000r\000\040\000C\000u\000r\000r\000e\000n\000t\000s}{section.3.2}% 27
\BOOKMARK [1][-]{section.3.3}{\376\377\000H\000a\000m\000i\000l\000t\000o\000n\000i\000a\000n\000\040\000F\000o\000r\000m\000u\000l\000a\000t\000i\000o\000n}{chapter.3}% 28
\BOOKMARK [2][-]{subsection.3.3.1}{\376\377\000P\000h\000a\000s\000e\000\040\000S\000p\000a\000c\000e\000\040\000a\000n\000d\000\040\000C\000o\000n\000s\000t\000r\000a\000i\000n\000t\000s}{section.3.3}% 29
\BOOKMARK [2][-]{subsection.3.3.2}{\376\377\000R\000e\000l\000a\000t\000i\000o\000n\000\040\000t\000o\000\040\000t\000h\000e\000\040\000A\000d\000m\000i\000s\000s\000i\000b\000i\000l\000i\000t\000y\000\040\000A\000p\000p\000a\000r\000a\000t\000u\000s\000\040\000o\000f\000\040\000C\000h\000a\000p\000t\000e\000r\000\040\0004}{section.3.3}% 30
\BOOKMARK [0][-]{chapter.4}{\376\377\000A\000d\000m\000i\000s\000s\000i\000b\000l\000e\000\040\000E\000v\000o\000l\000u\000t\000i\000o\000n}{part.1}% 31
\BOOKMARK [1][-]{section.4.1}{\376\377\000T\000h\000e\000\040\000A\000d\000m\000i\000s\000s\000i\000b\000i\000l\000i\000t\000y\000\040\000R\000e\000l\000a\000t\000i\000o\000n\000\040\000o\000n\000\040\000P\000l\000e\000n\000u\000m\000\040\000C\000o\000n\000f\000i\000g\000u\000r\000a\000t\000i\000o\000n\000s}{chapter.4}% 32
\BOOKMARK [2][-]{subsection.4.1.1}{\376\377\000A\000d\000m\000i\000s\000s\000i\000b\000i\000l\000i\000t\000y\000\040\000a\000s\000\040\000a\000\040\000C\000o\000n\000s\000t\000r\000a\000i\000n\000t\000\040\000o\000n\000\040\000t\000h\000e\000\040\000P\000l\000e\000n\000u\000m\000'\000s\000\040\000O\000w\000n\000\040\000D\000y\000n\000a\000m\000i\000c\000s\000,\000\040\000N\000o\000t\000\040\000a\000n\000\040\000E\000x\000t\000e\000r\000n\000a\000l\000\040\000P\000o\000s\000t\000u\000l\000a\000t\000e}{section.4.1}% 33
\BOOKMARK [1][-]{section.4.2}{\376\377\000T\000h\000e\000\040\000A\000d\000m\000i\000s\000s\000i\000b\000i\000l\000i\000t\000y\000\040\000M\000a\000n\000i\000f\000o\000l\000d\000\040\000H\000i\000e\000r\000a\000r\000c\000h\000y}{chapter.4}% 34
\BOOKMARK [2][-]{subsection.4.2.1}{\376\377\000M\000\137\000a\000d\000m\000:\000\040\000T\000h\000e\000\040\000A\000d\000m\000i\000s\000s\000i\000b\000i\000l\000i\000t\000y\000\040\000M\000a\000n\000i\000f\000o\000l\000d\000\040\000o\000f\000\040\000t\000h\000e\000\040\000P\000l\000e\000n\000u\000m}{section.4.2}% 35
\BOOKMARK [2][-]{subsection.4.2.2}{\376\377\000M\000\137\000p\000r\000o\000j\000:\000\040\000P\000r\000o\000j\000e\000c\000t\000i\000o\000n\000\040\000a\000n\000d\000\040\000G\000a\000u\000g\000e\000\040\000R\000e\000d\000u\000n\000d\000a\000n\000c\000y}{section.4.2}% 36
\BOOKMARK [2][-]{subsection.4.2.3}{\376\377\000M\000\137\000o\000b\000s\000:\000\040\000T\000h\000e\000\040\000O\000b\000s\000e\000r\000v\000a\000b\000l\000e\000\040\000C\000o\000s\000m\000o\000l\000o\000g\000i\000c\000a\000l\000\040\000S\000e\000c\000t\000o\000r}{section.4.2}% 37
\BOOKMARK [1][-]{section.4.3}{\376\377\000E\000n\000t\000r\000o\000p\000y\000\040\000a\000s\000\040\000L\000o\000s\000s\000\040\000o\000f\000\040\000A\000d\000m\000i\000s\000s\000i\000b\000l\000e\000\040\000R\000e\000a\000c\000h\000a\000b\000i\000l\000i\000t\000y}{chapter.4}% 38
\BOOKMARK [2][-]{subsection.4.3.1}{\376\377\000R\000e\000s\000t\000a\000t\000i\000n\000g\000\040\000S\000\040\000i\000n\000\040\000A\000d\000m\000i\000s\000s\000i\000b\000i\000l\000i\000t\000y\000\040\000T\000e\000r\000m\000s}{section.4.3}% 39
\BOOKMARK [2][-]{subsection.4.3.2}{\376\377\000R\000e\000l\000a\000t\000i\000o\000n\000\040\000t\000o\000,\000\040\000a\000n\000d\000\040\000D\000e\000p\000a\000r\000t\000u\000r\000e\000\040\000f\000r\000o\000m\000,\000\040\000T\000h\000e\000r\000m\000o\000d\000y\000n\000a\000m\000i\000c\000\040\000E\000n\000t\000r\000o\000p\000y}{section.4.3}% 40
\BOOKMARK [-1][-]{part.2}{\376\377\000I\000I\000\040\000D\000i\000s\000t\000i\000n\000c\000t\000i\000o\000n\000,\000\040\000M\000e\000m\000o\000r\000y\000,\000\040\000a\000n\000d\000\040\000R\000e\000p\000a\000i\000r}{}% 41
\BOOKMARK [0][-]{chapter.5}{\376\377\000T\000A\000R\000T\000A\000N\000:\000\040\000R\000e\000c\000u\000r\000s\000i\000v\000e\000\040\000C\000o\000a\000r\000s\000e\000-\000G\000r\000a\000i\000n\000i\000n\000g}{part.2}% 42
\BOOKMARK [1][-]{section.5.1}{\376\377\000T\000h\000e\000\040\000C\000o\000a\000r\000s\000e\000-\000G\000r\000a\000i\000n\000i\000n\000g\000\040\000P\000r\000o\000b\000l\000e\000m\000\040\000i\000n\000\040\000a\000\040\000D\000i\000s\000t\000i\000n\000c\000t\000i\000o\000n\000-\000P\000r\000i\000m\000a\000r\000y\000\040\000T\000h\000e\000o\000r\000y}{chapter.5}% 43
\BOOKMARK [1][-]{section.5.2}{\376\377\000T\000h\000e\000\040\000T\000A\000R\000T\000A\000N\000\040\000O\000p\000e\000r\000a\000t\000o\000r}{chapter.5}% 44
\BOOKMARK [2][-]{subsection.5.2.1}{\376\377\000S\000c\000a\000l\000e\000\040\000C\000o\000n\000s\000i\000s\000t\000e\000n\000c\000y}{section.5.2}% 45
\BOOKMARK [2][-]{subsection.5.2.2}{\376\377\000F\000i\000x\000e\000d\000\040\000P\000o\000i\000n\000t\000s\000\040\000a\000n\000d\000\040\000R\000e\000c\000u\000r\000s\000i\000v\000e\000\040\000S\000t\000r\000u\000c\000t\000u\000r\000e}{section.5.2}% 46
\BOOKMARK [1][-]{section.5.3}{\376\377\000T\000A\000R\000T\000A\000N\000\040\000a\000n\000d\000\040\000t\000h\000e\000\040\000T\000u\000r\000n\000o\000v\000e\000r\000\040\000S\000u\000r\000f\000a\000c\000e}{chapter.5}% 47
\BOOKMARK [2][-]{subsection.5.3.1}{\376\377\000S\000t\000a\000t\000e\000m\000e\000n\000t\000\040\000o\000f\000\040\000t\000h\000e\000\040\000C\000o\000n\000n\000e\000c\000t\000i\000o\000n}{section.5.3}% 48
\BOOKMARK [2][-]{subsection.5.3.2}{\376\377\000O\000b\000s\000e\000r\000v\000a\000b\000l\000e\000-\000E\000q\000u\000i\000v\000a\000l\000e\000n\000c\000e\000\040\000Q\000u\000o\000t\000i\000e\000n\000t}{section.5.3}% 49
\BOOKMARK [2][-]{subsection.5.3.3}{\376\377\000W\000h\000a\000t\000\040\000T\000h\000i\000s\000\040\000B\000o\000o\000k\000\040\000P\000r\000o\000v\000e\000s\000\040\000a\000n\000d\000\040\000W\000h\000a\000t\000\040\000I\000t\000\040\000C\000i\000t\000e\000s}{section.5.3}% 50
\BOOKMARK [0][-]{chapter.6}{\376\377\000D\000i\000s\000t\000i\000n\000g\000u\000i\000s\000h\000a\000b\000i\000l\000i\000t\000y\000\040\000a\000n\000d\000\040\000t\000h\000e\000\040\000P\000e\000r\000s\000i\000s\000t\000e\000n\000c\000e\000\040\000C\000o\000n\000e}{part.2}% 51
\BOOKMARK [1][-]{section.6.1}{\376\377\000P\000h\000y\000s\000i\000c\000a\000l\000\040\000M\000e\000m\000o\000r\000y\000\040\000a\000s\000\040\000P\000r\000e\000s\000e\000r\000v\000e\000d\000\040\000I\000n\000f\000e\000r\000e\000n\000t\000i\000a\000l\000\040\000A\000c\000c\000e\000s\000s\000i\000b\000i\000l\000i\000t\000y}{chapter.6}% 52
\BOOKMARK [1][-]{section.6.2}{\376\377\000T\000h\000e\000\040\000P\000e\000r\000s\000i\000s\000t\000e\000n\000c\000e\000\040\000C\000o\000n\000e}{chapter.6}% 53
\BOOKMARK [2][-]{subsection.6.2.1}{\376\377\000P\000h\000y\000s\000i\000c\000a\000l\000\040\000C\000o\000n\000e\000s\000\040\000V\000e\000r\000s\000u\000s\000\040\000O\000b\000s\000e\000r\000v\000a\000b\000l\000e\000\040\000C\000o\000n\000e\000s}{section.6.2}% 54
\BOOKMARK [2][-]{subsection.6.2.2}{\376\377\000T\000r\000u\000e\000\040\000E\000r\000a\000s\000u\000r\000e\000\040\000V\000e\000r\000s\000u\000s\000\040\000R\000e\000c\000o\000n\000s\000t\000r\000u\000c\000t\000i\000o\000n\000-\000B\000o\000t\000t\000l\000e\000n\000e\000c\000k\000\040\000F\000a\000i\000l\000u\000r\000e}{section.6.2}% 55
\BOOKMARK [1][-]{section.6.3}{\376\377\000W\000o\000r\000k\000e\000d\000\040\000C\000a\000s\000e\000:\000\040\000T\000i\000d\000a\000l\000\040\000T\000o\000r\000q\000u\000e\000\040\000a\000n\000d\000\040\000G\000a\000l\000a\000c\000t\000i\000c\000\040\000S\000p\000i\000n\000\040}{chapter.6}% 56
\BOOKMARK [2][-]{subsection.6.3.1}{\376\377\000S\000u\000m\000m\000a\000r\000y\000\040\000o\000f\000\040\000t\000h\000e\000\040\000E\000m\000p\000i\000r\000i\000c\000a\000l\000\040\000R\000e\000s\000u\000l\000t}{section.6.3}% 57
\BOOKMARK [2][-]{subsection.6.3.2}{\376\377\000T\000h\000e\000\040\000P\000e\000r\000s\000i\000s\000t\000e\000n\000c\000e\000\040\000C\000o\000n\000e\000\040\000f\000o\000r\000\040\000P\000r\000o\000t\000o\000h\000a\000l\000o\000\040\000A\000n\000g\000u\000l\000a\000r\000\040\000M\000o\000m\000e\000n\000t\000u\000m}{section.6.3}% 58
\BOOKMARK [1][-]{section.6.4}{\376\377\000P\000e\000r\000s\000i\000s\000t\000e\000n\000c\000e\000\040\000C\000o\000n\000e\000s\000\040\000a\000n\000d\000\040\000t\000h\000e\000\040\000R\000S\000V\000P\000\040\000E\000n\000t\000r\000o\000p\000y\000\040\000F\000i\000e\000l\000d}{chapter.6}% 59
\BOOKMARK [2][-]{subsection.6.4.1}{\376\377\000R\000e\000l\000a\000t\000i\000n\000g\000\040\000C\000\137\000e\000p\000s\000i\000l\000o\000n\000\040\000t\000o\000\040\000S}{section.6.4}% 60
\BOOKMARK [0][-]{chapter.7}{\376\377\000R\000e\000p\000a\000i\000r\000-\000W\000a\000r\000r\000a\000n\000t\000\040\000D\000i\000a\000g\000n\000o\000s\000t\000i\000c\000s\000\040\000f\000o\000r\000\040\000C\000o\000s\000m\000o\000l\000o\000g\000i\000c\000a\000l\000\040\000R\000e\000c\000o\000n\000s\000t\000r\000u\000c\000t\000i\000o\000n}{part.2}% 61
\BOOKMARK [1][-]{section.7.1}{\376\377\000D\000i\000a\000g\000n\000o\000s\000i\000s\000\040\000B\000e\000f\000o\000r\000e\000\040\000I\000n\000f\000e\000r\000e\000n\000c\000e}{chapter.7}% 62
\BOOKMARK [1][-]{section.7.2}{\376\377\000T\000h\000e\000\040\000R\000e\000f\000e\000r\000e\000n\000c\000e\000\040\000C\000l\000a\000s\000s\000\040\000f\000o\000r\000\040\000a\000\040\000C\000o\000s\000m\000o\000l\000o\000g\000i\000c\000a\000l\000\040\000R\000e\000c\000o\000n\000s\000t\000r\000u\000c\000t\000i\000o\000n}{chapter.7}% 63
\BOOKMARK [2][-]{subsection.7.2.1}{\376\377\000R\000\137\000G\000a\000m\000m\000a\000\050\000h\000\051\000:\000\040\000I\000n\000d\000e\000p\000e\000n\000d\000e\000n\000c\000e\000\040\000f\000r\000o\000m\000\040\000t\000h\000e\000\040\000O\000b\000j\000e\000c\000t\000\040\000U\000n\000d\000e\000r\000\040\000E\000v\000a\000l\000u\000a\000t\000i\000o\000n}{section.7.2}% 64
\BOOKMARK [2][-]{subsection.7.2.2}{\376\377\000G\000r\000o\000u\000n\000d\000i\000n\000g\000\040\000t\000h\000e\000\040\000R\000e\000f\000e\000r\000e\000n\000c\000e\000\040\000C\000l\000a\000s\000s\000\040\000i\000n\000\040\000T\000h\000e\000o\000r\000e\000t\000i\000c\000a\000l\000l\000y\000\040\000W\000e\000l\000l\000-\000U\000n\000d\000e\000r\000s\000t\000o\000o\000d\000\040\000Q\000u\000a\000n\000t\000i\000t\000i\000e\000s}{section.7.2}% 65
\BOOKMARK [1][-]{section.7.3}{\376\377\000S\000t\000r\000u\000c\000t\000u\000r\000a\000l\000\040\000D\000i\000s\000t\000a\000n\000c\000e\000\040\000a\000n\000d\000\040\000t\000h\000e\000\040\000R\000e\000p\000a\000i\000r\000-\000W\000a\000r\000r\000a\000n\000t\000\040\000O\000b\000j\000e\000c\000t\000i\000v\000e}{chapter.7}% 66
\BOOKMARK [2][-]{subsection.7.3.1}{\376\377\000d\000e\000l\000t\000a\000\137\000d\000e\000p\000\040\000a\000s\000\040\000a\000\040\000C\000a\000l\000i\000b\000r\000a\000t\000e\000d\000\040\000S\000t\000r\000u\000c\000t\000u\000r\000a\000l\000\040\000D\000i\000s\000t\000a\000n\000c\000e}{section.7.3}% 67
\BOOKMARK [2][-]{subsection.7.3.2}{\376\377\000J\000\050\000a\000|\000h\000\051\000:\000\040\000W\000h\000e\000n\000\040\000I\000n\000t\000e\000r\000v\000e\000n\000t\000i\000o\000n\000\040\000I\000s\000\040\000W\000a\000r\000r\000a\000n\000t\000e\000d}{section.7.3}% 68
\BOOKMARK [1][-]{section.7.4}{\376\377\000W\000o\000r\000k\000e\000d\000\040\000E\000x\000a\000m\000p\000l\000e\000:\000\040\000T\000h\000e\000\040\000I\000n\000i\000t\000i\000a\000l\000\040\000P\000o\000w\000e\000r\000\040\000S\000p\000e\000c\000t\000r\000u\000m\000\040\000a\000s\000\040\000a\000\040\000D\000i\000a\000g\000n\000o\000s\000t\000i\000c\000\040\000P\000r\000o\000x\000y\000\040}{chapter.7}% 69
\BOOKMARK [2][-]{subsection.7.4.1}{\376\377\000S\000u\000m\000m\000a\000r\000y\000\040\000o\000f\000\040\000t\000h\000e\000\040\000C\000a\000s\000e\000\040\000S\000t\000u\000d\000y}{section.7.4}% 70
\BOOKMARK [2][-]{subsection.7.4.2}{\376\377\000W\000h\000a\000t\000\040\000t\000h\000e\000\040\000C\000a\000s\000e\000\040\000S\000t\000u\000d\000y\000\040\000C\000o\000n\000f\000i\000r\000m\000s\000\040\000A\000b\000o\000u\000t\000\040\000t\000h\000e\000\040\000F\000r\000a\000m\000e\000w\000o\000r\000k\000'\000s\000\040\000L\000i\000m\000i\000t\000s}{section.7.4}% 71
\BOOKMARK [1][-]{section.7.5}{\376\377\000N\000o\000n\000-\000I\000m\000p\000l\000i\000c\000a\000t\000i\000o\000n\000\040\000P\000r\000o\000p\000o\000s\000i\000t\000i\000o\000n\000s}{chapter.7}% 72
\BOOKMARK [-1][-]{part.3}{\376\377\000I\000I\000I\000\040\000S\000t\000r\000u\000c\000t\000u\000r\000e\000,\000\040\000H\000i\000s\000t\000o\000r\000y\000,\000\040\000a\000n\000d\000\040\000O\000b\000s\000e\000r\000v\000a\000t\000i\000o\000n}{}% 73
\BOOKMARK [0][-]{chapter.8}{\376\377\000S\000t\000r\000u\000c\000t\000u\000r\000e\000\040\000F\000o\000r\000m\000a\000t\000i\000o\000n\000\040\000a\000s\000\040\000A\000d\000m\000i\000s\000s\000i\000b\000l\000e\000\040\000E\000v\000o\000l\000u\000t\000i\000o\000n}{part.3}% 74
\BOOKMARK [1][-]{section.8.1}{\376\377\000F\000r\000o\000m\000\040\000F\000i\000e\000l\000d\000\040\000E\000q\000u\000a\000t\000i\000o\000n\000s\000\040\000t\000o\000\040\000S\000t\000r\000u\000c\000t\000u\000r\000e}{chapter.8}% 75
\BOOKMARK [1][-]{section.8.2}{\376\377\000S\000t\000r\000u\000c\000t\000u\000r\000e\000\040\000a\000s\000\040\000L\000o\000c\000a\000l\000l\000y\000\040\000S\000t\000a\000b\000l\000e\000\040\000D\000i\000s\000t\000i\000n\000c\000t\000i\000o\000n}{chapter.8}% 76
\BOOKMARK [2][-]{subsection.8.2.1}{\376\377\000G\000a\000l\000a\000x\000i\000e\000s\000,\000\040\000C\000l\000u\000s\000t\000e\000r\000s\000,\000\040\000a\000n\000d\000\040\000V\000o\000i\000d\000s\000\040\000a\000s\000\040\000A\000d\000m\000i\000s\000s\000i\000b\000i\000l\000i\000t\000y\000\040\000B\000a\000s\000i\000n\000s}{section.8.2}% 77
\BOOKMARK [1][-]{section.8.3}{\376\377\000C\000o\000m\000p\000a\000r\000i\000s\000o\000n\000\040\000w\000i\000t\000h\000\040\000L\000a\000m\000b\000d\000a\000C\000D\000M\000\040\000S\000t\000r\000u\000c\000t\000u\000r\000e\000\040\000F\000o\000r\000m\000a\000t\000i\000o\000n}{chapter.8}% 78
\BOOKMARK [2][-]{subsection.8.3.1}{\376\377\000W\000h\000e\000r\000e\000\040\000t\000h\000e\000\040\000P\000r\000e\000d\000i\000c\000t\000i\000o\000n\000s\000\040\000A\000g\000r\000e\000e}{section.8.3}% 79
\BOOKMARK [2][-]{subsection.8.3.2}{\376\377\000W\000h\000e\000r\000e\000\040\000T\000h\000e\000y\000\040\000D\000i\000v\000e\000r\000g\000e\000\040\000a\000n\000d\000\040\000W\000h\000y}{section.8.3}% 80
\BOOKMARK [0][-]{chapter.9}{\376\377\000T\000h\000e\000\040\000D\000i\000s\000t\000i\000n\000g\000u\000i\000s\000h\000a\000b\000i\000l\000i\000t\000y\000\040\000S\000p\000e\000c\000t\000r\000u\000m\000\040\000a\000n\000d\000\040\000t\000h\000e\000\040\000T\000u\000r\000n\000o\000v\000e\000r\000\040\000S\000u\000r\000f\000a\000c\000e}{part.3}% 81
\BOOKMARK [1][-]{section.9.1}{\376\377\000S\000t\000a\000t\000e\000m\000e\000n\000t\000\040\000o\000f\000\040\000t\000h\000e\000\040\000D\000i\000s\000t\000i\000n\000g\000u\000i\000s\000h\000a\000b\000i\000l\000i\000t\000y\000\040\000S\000p\000e\000c\000t\000r\000u\000m}{chapter.9}% 82
\BOOKMARK [1][-]{section.9.2}{\376\377\000S\000t\000a\000t\000e\000m\000e\000n\000t\000\040\000o\000f\000\040\000t\000h\000e\000\040\000T\000u\000r\000n\000o\000v\000e\000r\000\040\000S\000u\000r\000f\000a\000c\000e}{chapter.9}% 83
\BOOKMARK [1][-]{section.9.3}{\376\377\000T\000h\000e\000\040\000T\000h\000r\000e\000e\000-\000G\000a\000t\000e\000\040\000R\000e\000k\000n\000o\000t\000t\000i\000n\000g\000\040\000C\000r\000i\000t\000e\000r\000i\000o\000n}{chapter.9}% 84
\BOOKMARK [2][-]{subsection.9.3.1}{\376\377\000D\000y\000n\000a\000m\000i\000c\000a\000l\000\040\000I\000n\000s\000t\000a\000b\000i\000l\000i\000t\000y}{section.9.3}% 85
\BOOKMARK [2][-]{subsection.9.3.2}{\376\377\000R\000e\000c\000u\000r\000s\000i\000v\000e\000\040\000A\000c\000c\000e\000s\000s\000i\000b\000i\000l\000i\000t\000y}{section.9.3}% 86
\BOOKMARK [2][-]{subsection.9.3.3}{\376\377\000N\000o\000n\000l\000i\000n\000e\000a\000r\000\040\000P\000e\000r\000s\000i\000s\000t\000e\000n\000c\000e}{section.9.3}% 87
\BOOKMARK [1][-]{section.9.4}{\376\377\000O\000p\000e\000r\000a\000t\000i\000o\000n\000a\000l\000\040\000E\000q\000u\000i\000v\000a\000l\000e\000n\000c\000e\000\040\000o\000f\000\040\000T\000e\000r\000m\000i\000n\000a\000l\000\040\000a\000n\000d\000\040\000P\000r\000i\000m\000o\000r\000d\000i\000a\000l\000\040\000S\000m\000o\000o\000t\000h\000n\000e\000s\000s}{chapter.9}% 88
\BOOKMARK [1][-]{section.9.5}{\376\377\000W\000h\000a\000t\000\040\000T\000h\000i\000s\000\040\000C\000h\000a\000p\000t\000e\000r\000\040\000A\000s\000s\000u\000m\000e\000s\000\040\000F\000r\000o\000m\000\040\000T\000h\000e\000\040\000S\000m\000o\000o\000t\000h\000n\000e\000s\000s\000\040\000P\000a\000r\000a\000d\000o\000x}{chapter.9}% 89
\BOOKMARK [0][-]{chapter.10}{\376\377\000Q\000u\000a\000d\000r\000a\000t\000i\000c\000\040\000G\000r\000a\000v\000i\000t\000y\000\040\000a\000s\000\040\000t\000h\000e\000\040\000P\000l\000e\000n\000u\000m\000'\000s\000\040\000O\000b\000s\000e\000r\000v\000a\000b\000l\000e\000\040\000I\000n\000t\000e\000r\000f\000a\000c\000e}{part.3}% 90
\BOOKMARK [1][-]{section.10.1}{\376\377\000G\000h\000o\000s\000t\000s\000,\000\040\000o\000r\000d\000i\000n\000a\000r\000i\000l\000y}{chapter.10}% 91
\BOOKMARK [1][-]{section.10.2}{\376\377\000T\000h\000e\000\040\000H\000i\000d\000d\000e\000n\000\040\000A\000d\000m\000i\000s\000s\000i\000b\000i\000l\000i\000t\000y\000\040\000D\000i\000r\000e\000c\000t\000i\000o\000n\000\040\000i\000n\000\040\000t\000h\000e\000\040\000R\000S\000V\000P\000\040\000P\000l\000e\000n\000u\000m}{chapter.10}% 92
\BOOKMARK [1][-]{section.10.3}{\376\377\000O\000b\000s\000e\000r\000v\000a\000b\000l\000e\000\040\000E\000q\000u\000i\000v\000a\000l\000e\000n\000c\000e\000\040\000B\000e\000l\000o\000w\000\040\000a\000n\000d\000\040\000A\000b\000o\000v\000e\000\040\000t\000h\000e\000\040\000A\000d\000m\000i\000s\000s\000i\000b\000i\000l\000i\000t\000y\000\040\000S\000c\000a\000l\000e}{chapter.10}% 93
\BOOKMARK [2][-]{subsection.10.3.1}{\376\377\000T\000h\000e\000\040\000D\000e\000r\000i\000v\000e\000d\000\040\000I\000n\000t\000e\000r\000f\000a\000c\000e\000\040\000C\000o\000n\000j\000e\000c\000t\000u\000r\000e\000,\000\040\000S\000p\000e\000c\000i\000a\000l\000i\000z\000e\000d\000\040\000t\000o\000\040\000r\000s\000v\000p}{section.10.3}% 94
\BOOKMARK [0][-]{chapter.11}{\376\377\000O\000b\000s\000e\000r\000v\000a\000t\000i\000o\000n\000a\000l\000\040\000S\000i\000g\000n\000a\000t\000u\000r\000e\000s\000\040\000a\000n\000d\000\040\000T\000e\000s\000t\000s}{part.3}% 95
\BOOKMARK [1][-]{section.11.1}{\376\377\000F\000a\000l\000s\000i\000f\000i\000a\000b\000l\000e\000\040\000P\000r\000e\000d\000i\000c\000t\000i\000o\000n\000s\000\040\000o\000n\000\040\000R\000e\000c\000o\000r\000d}{chapter.11}% 96
\BOOKMARK [1][-]{section.11.2}{\376\377\000P\000r\000e\000d\000i\000c\000t\000i\000o\000n\000s\000\040\000D\000i\000s\000t\000i\000n\000g\000u\000i\000s\000h\000i\000n\000g\000\040\000R\000S\000V\000P\000\040\000C\000o\000s\000m\000o\000l\000o\000g\000y\000\040\000f\000r\000o\000m\000\040\000L\000a\000m\000b\000d\000a\000C\000D\000M}{chapter.11}% 97
\BOOKMARK [1][-]{section.11.3}{\376\377\000D\000i\000a\000g\000n\000o\000s\000t\000i\000c\000-\000C\000o\000o\000r\000d\000i\000n\000a\000t\000e\000\040\000S\000i\000g\000n\000a\000t\000u\000r\000e\000s\000\040\000i\000n\000\040\000S\000u\000r\000v\000e\000y\000\040\000D\000a\000t\000a}{chapter.11}% 98
\BOOKMARK [2][-]{subsection.11.3.1}{\376\377\000W\000h\000a\000t\000\040\000a\000\040\000S\000t\000a\000g\000e\000-\000I\000V\000\040\000S\000u\000r\000v\000e\000y\000\040\000P\000i\000p\000e\000l\000i\000n\000e\000\040\000W\000o\000u\000l\000d\000\040\000N\000e\000e\000d\000\040\000t\000o\000\040\000R\000e\000p\000o\000r\000t}{section.11.3}% 99
\BOOKMARK [1][-]{section.11.4}{\376\377\000O\000p\000e\000n\000\040\000O\000b\000s\000e\000r\000v\000a\000t\000i\000o\000n\000a\000l\000\040\000P\000r\000o\000g\000r\000a\000m\000s}{chapter.11}% 100
\BOOKMARK [2][-]{subsection.11.4.1}{\376\377\000T\000e\000s\000t\000i\000n\000g\000\040\000t\000h\000e\000\040\000P\000e\000r\000s\000i\000s\000t\000e\000n\000c\000e\000\040\000C\000o\000n\000e\000\040\000i\000n\000\040\000O\000t\000h\000e\000r\000\040\000O\000b\000s\000e\000r\000v\000a\000b\000l\000e\000s}{section.11.4}% 101
\BOOKMARK [2][-]{subsection.11.4.2}{\376\377\000D\000i\000s\000t\000i\000n\000g\000u\000i\000s\000h\000i\000n\000g\000\040\000A\000d\000m\000i\000s\000s\000i\000b\000l\000e\000-\000L\000e\000v\000e\000l\000\040\000f\000r\000o\000m\000\040\000O\000b\000s\000e\000r\000v\000a\000b\000l\000e\000-\000L\000e\000v\000e\000l\000\040\000D\000e\000f\000e\000c\000t\000s}{section.11.4}% 102
\BOOKMARK [-1][-]{part.4}{\376\377\000I\000V\000\040\000O\000p\000e\000n\000\040\000P\000r\000o\000b\000l\000e\000m\000s}{}% 103
\BOOKMARK [0][-]{chapter.12}{\376\377\000W\000h\000a\000t\000\040\000R\000e\000m\000a\000i\000n\000s\000\040\000C\000o\000n\000j\000e\000c\000t\000u\000r\000a\000l}{part.4}% 104
\BOOKMARK [1][-]{section.12.1}{\376\377\000U\000n\000p\000r\000o\000v\000e\000d\000\040\000C\000l\000a\000i\000m\000s\000\040\000C\000a\000r\000r\000i\000e\000d\000\040\000F\000o\000r\000w\000a\000r\000d\000\040\000F\000r\000o\000m\000\040\000T\000h\000i\000s\000\040\000B\000o\000o\000k}{chapter.12}% 105
\BOOKMARK [1][-]{section.12.2}{\376\377\000T\000h\000e\000\040\000R\000e\000l\000a\000t\000i\000o\000n\000\040\000B\000e\000t\000w\000e\000e\000n\000\040\000T\000A\000R\000T\000A\000N\000\040\000F\000i\000x\000e\000d\000\040\000P\000o\000i\000n\000t\000s\000\040\000a\000n\000d\000\040\000R\000e\000k\000n\000o\000t\000t\000i\000n\000g}{chapter.12}% 106
\BOOKMARK [1][-]{section.12.3}{\376\377\000T\000o\000w\000a\000r\000d\000\040\000a\000\040\000C\000o\000m\000p\000l\000e\000t\000e\000\040\000P\000r\000o\000o\000f\000\040\000o\000f\000\040\000t\000h\000e\000\040\000D\000e\000r\000i\000v\000e\000d\000\040\000I\000n\000t\000e\000r\000f\000a\000c\000e\000\040\000C\000o\000n\000j\000e\000c\000t\000u\000r\000e}{chapter.12}% 107
\BOOKMARK [1][-]{section.12.4}{\376\377\000D\000i\000r\000e\000c\000t\000i\000o\000n\000s\000\040\000f\000o\000r\000\040\000F\000u\000r\000t\000h\000e\000r\000\040\000W\000o\000r\000k}{chapter.12}% 108
\BOOKMARK [1][-]{section.12.5}{\376\377\000C\000o\000n\000c\000l\000u\000s\000i\000o\000n}{chapter.12}% 109
\BOOKMARK [0][-]{chapter*.4}{\376\377\000M\000a\000t\000h\000e\000m\000a\000t\000i\000c\000a\000l\000\040\000P\000r\000e\000l\000i\000m\000i\000n\000a\000r\000i\000e\000s}{part.4}% 110
\BOOKMARK [1][-]{section.12.6}{\376\377\000D\000i\000f\000f\000e\000r\000e\000n\000t\000i\000a\000l\000\040\000G\000e\000o\000m\000e\000t\000r\000y\000\040\000C\000o\000n\000v\000e\000n\000t\000i\000o\000n\000s}{chapter*.4}% 111
\BOOKMARK [1][-]{section.12.7}{\376\377\000V\000a\000r\000i\000a\000t\000i\000o\000n\000a\000l\000\040\000C\000a\000l\000c\000u\000l\000u\000s\000\040\000o\000n\000\040\000t\000h\000e\000\040\000P\000l\000e\000n\000u\000m}{chapter*.4}% 112
\BOOKMARK [0][-]{chapter*.5}{\376\377\000N\000o\000t\000a\000t\000i\000o\000n\000\040\000a\000n\000d\000\040\000C\000o\000n\000v\000e\000n\000t\000i\000o\000n\000s}{part.4}% 113
\BOOKMARK [1][-]{section.12.8}{\376\377\000F\000i\000e\000l\000d\000\040\000a\000n\000d\000\040\000A\000d\000m\000i\000s\000s\000i\000b\000i\000l\000i\000t\000y\000\040\000N\000o\000t\000a\000t\000i\000o\000n}{chapter*.5}% 114
\BOOKMARK [1][-]{section.12.9}{\376\377\000R\000e\000l\000a\000t\000i\000o\000n\000\040\000t\000o\000\040\000N\000o\000t\000a\000t\000i\000o\000n\000\040\000i\000n\000\040\000T\000h\000e\000\040\000S\000m\000o\000o\000t\000h\000n\000e\000s\000s\000\040\000P\000a\000r\000a\000d\000o\000x\000\040\000a\000n\000d\000\040\000Q\000u\000a\000d\000r\000a\000t\000i\000c\000\040\000G\000r\000a\000v\000i\000t\000y\000\040\000a\000s\000\040\000a\000\040\000D\000e\000r\000i\000v\000e\000d\000\040\000I\000n\000t\000e\000r\000f\000a\000c\000e\000\040\000T\000h\000e\000o\000r\000y}{chapter*.5}% 115
\BOOKMARK [0][-]{chapter*.6}{\376\377\000S\000e\000l\000e\000c\000t\000e\000d\000\040\000D\000e\000r\000i\000v\000a\000t\000i\000o\000n\000s}{part.4}% 116
\BOOKMARK [1][-]{section.12.10}{\376\377\000F\000u\000l\000l\000\040\000D\000e\000r\000i\000v\000a\000t\000i\000o\000n\000\040\000o\000f\000\040\000t\000h\000e\000\040\000R\000S\000V\000P\000\040\000F\000i\000e\000l\000d\000\040\000E\000q\000u\000a\000t\000i\000o\000n\000s}{chapter*.6}% 117
\BOOKMARK [1][-]{section.12.11}{\376\377\000D\000e\000r\000i\000v\000a\000t\000i\000o\000n\000\040\000o\000f\000\040\000t\000h\000e\000\040\000A\000d\000m\000i\000s\000s\000i\000b\000i\000l\000i\000t\000y\000\040\000M\000a\000n\000i\000f\000o\000l\000d\000\040\000P\000r\000o\000j\000e\000c\000t\000i\000o\000n\000s}{chapter*.6}% 118
\BOOKMARK [0][-]{section*.7}{\376\377\000B\000i\000b\000l\000i\000o\000g\000r\000a\000p\000h\000y}{part.4}% 119
